../Drivers/BSP/Components/VL53L8CX_ULD_API/src/vl53l8cx_api.c:23:16:_vl53l8cx_poll_for_answer	24	static
../Drivers/BSP/Components/VL53L8CX_ULD_API/src/vl53l8cx_api.c:62:16:_vl53l8cx_poll_for_mcu_boot	24	static
../Drivers/BSP/Components/VL53L8CX_ULD_API/src/vl53l8cx_api.c:94:16:_vl53l8cx_send_offset_data	432	static
../Drivers/BSP/Components/VL53L8CX_ULD_API/src/vl53l8cx_api.c:164:16:_vl53l8cx_send_xtalk_data	304	static
../Drivers/BSP/Components/VL53L8CX_ULD_API/src/vl53l8cx_api.c:219:9:vl53l8cx_is_alive	24	static
../Drivers/BSP/Components/VL53L8CX_ULD_API/src/vl53l8cx_api.c:243:9:vl53l8cx_init	40	static
../Drivers/BSP/Components/VL53L8CX_ULD_API/src/vl53l8cx_api.c:410:9:vl53l8cx_set_i2c_address	24	static
../Drivers/BSP/Components/VL53L8CX_ULD_API/src/vl53l8cx_api.c:424:9:vl53l8cx_get_power_mode	24	static
../Drivers/BSP/Components/VL53L8CX_ULD_API/src/vl53l8cx_api.c:461:9:vl53l8cx_set_power_mode	32	static
../Drivers/BSP/Components/VL53L8CX_ULD_API/src/vl53l8cx_api.c:513:9:vl53l8cx_start_ranging	128	static
../Drivers/BSP/Components/VL53L8CX_ULD_API/src/vl53l8cx_api.c:658:9:vl53l8cx_stop_ranging	32	static
../Drivers/BSP/Components/VL53L8CX_ULD_API/src/vl53l8cx_api.c:712:9:vl53l8cx_check_data_ready	24	static
../Drivers/BSP/Components/VL53L8CX_ULD_API/src/vl53l8cx_api.c:743:9:vl53l8cx_get_ranging_data	40	static
../Drivers/BSP/Components/VL53L8CX_ULD_API/src/vl53l8cx_api.c:909:9:vl53l8cx_get_resolution	24	static
../Drivers/BSP/Components/VL53L8CX_ULD_API/src/vl53l8cx_api.c:924:9:vl53l8cx_set_resolution	24	static
../Drivers/BSP/Components/VL53L8CX_ULD_API/src/vl53l8cx_api.c:989:9:vl53l8cx_get_ranging_frequency_hz	24	static
../Drivers/BSP/Components/VL53L8CX_ULD_API/src/vl53l8cx_api.c:1002:9:vl53l8cx_set_ranging_frequency_hz	40	static
../Drivers/BSP/Components/VL53L8CX_ULD_API/src/vl53l8cx_api.c:1015:9:vl53l8cx_get_integration_time_ms	24	static
../Drivers/BSP/Components/VL53L8CX_ULD_API/src/vl53l8cx_api.c:1030:9:vl53l8cx_set_integration_time_ms	40	static
../Drivers/BSP/Components/VL53L8CX_ULD_API/src/vl53l8cx_api.c:1054:9:vl53l8cx_get_sharpener_percent	24	static
../Drivers/BSP/Components/VL53L8CX_ULD_API/src/vl53l8cx_api.c:1069:9:vl53l8cx_set_sharpener_percent	40	static
../Drivers/BSP/Components/VL53L8CX_ULD_API/src/vl53l8cx_api.c:1091:9:vl53l8cx_get_target_order	24	static
../Drivers/BSP/Components/VL53L8CX_ULD_API/src/vl53l8cx_api.c:1104:9:vl53l8cx_set_target_order	40	static
../Drivers/BSP/Components/VL53L8CX_ULD_API/src/vl53l8cx_api.c:1124:9:vl53l8cx_get_ranging_mode	24	static
../Drivers/BSP/Components/VL53L8CX_ULD_API/src/vl53l8cx_api.c:1145:9:vl53l8cx_set_ranging_mode	24	static
../Drivers/BSP/Components/VL53L8CX_ULD_API/src/vl53l8cx_api.c:1184:9:vl53l8cx_get_external_sync_pin_enable	24	static
../Drivers/BSP/Components/VL53L8CX_ULD_API/src/vl53l8cx_api.c:1206:9:vl53l8cx_set_external_sync_pin_enable	24	static
../Drivers/BSP/Components/VL53L8CX_ULD_API/src/vl53l8cx_api.c:1235:9:vl53l8cx_get_VHV_repeat_count	24	static
../Drivers/BSP/Components/VL53L8CX_ULD_API/src/vl53l8cx_api.c:1251:9:vl53l8cx_set_VHV_repeat_count	40	static
../Drivers/BSP/Components/VL53L8CX_ULD_API/src/vl53l8cx_api.c:1261:9:vl53l8cx_dci_read_data	56	static
../Drivers/BSP/Components/VL53L8CX_ULD_API/src/vl53l8cx_api.c:1307:9:vl53l8cx_dci_write_data	56	static
../Drivers/BSP/Components/VL53L8CX_ULD_API/src/vl53l8cx_api.c:1362:9:vl53l8cx_dci_replace_data	32	static
